{"start":"contacts","arm":"project","seed":1002,"milestones":{},"novelClosed":0,"detached":0,"cpu":3.6}
{"start":"contacts","arm":"project","seed":1004,"milestones":{},"novelClosed":0,"detached":0,"cpu":3.7}
{"start":"contacts","arm":"project","seed":1003,"milestones":{},"novelClosed":0,"detached":0,"cpu":3.4}
{"start":"contacts","arm":"project","seed":1005,"milestones":{},"novelClosed":0,"detached":0,"cpu":3.2}
{"start":"contacts","arm":"project","seed":1007,"milestones":{},"novelClosed":0,"detached":0,"cpu":3.1}
{"start":"contacts","arm":"project","seed":1006,"milestones":{},"novelClosed":0,"detached":0,"cpu":3.3}
{"start":"contacts","arm":"project","seed":1001,"milestones":{},"novelClosed":0,"detached":0,"cpu":9.5}
{"start":"contacts","arm":"project","seed":1008,"milestones":{},"novelClosed":0,"detached":0,"cpu":3.1}
{"start":"contacts","arm":"pins","seed":1002,"milestones":{},"novelClosed":0,"detached":0,"cpu":7.1}
{"start":"contacts","arm":"pins","seed":1003,"milestones":{},"novelClosed":0,"detached":0,"cpu":7.2}
{"start":"contacts","arm":"pins","seed":1004,"milestones":{},"novelClosed":0,"detached":0,"cpu":7}
{"start":"contacts","arm":"pins","seed":1005,"milestones":{},"novelClosed":0,"detached":0,"cpu":6.6}
{"start":"contacts","arm":"pins","seed":1001,"milestones":{},"novelClosed":0,"detached":0,"cpu":16.5}
{"start":"contacts","arm":"pins","seed":1006,"milestones":{},"novelClosed":0,"detached":0,"cpu":7.1}
{"start":"contacts","arm":"pins","seed":1007,"milestones":{},"novelClosed":0,"detached":0,"cpu":7}
{"start":"contacts","arm":"pins","seed":1008,"milestones":{"novelChain":{"t":50}},"novelClosed":0,"detached":0,"cpu":6.4}
{"start":"bath","arm":"project","seed":1102,"milestones":{},"novelClosed":0,"detached":0,"cpu":51.3}
{"start":"bath","arm":"project","seed":1103,"milestones":{},"novelClosed":0,"detached":0,"cpu":53.1}
{"start":"bath","arm":"project","seed":1104,"milestones":{},"novelClosed":0,"detached":0,"cpu":52.7}
{"start":"bath","arm":"project","seed":1101,"milestones":{},"novelClosed":0,"detached":0,"cpu":159.8}
{"start":"bath","arm":"pins","seed":1103,"milestones":{},"novelClosed":0,"detached":0,"cpu":104.1}
{"start":"bath","arm":"pins","seed":1102,"milestones":{},"novelClosed":0,"detached":0,"cpu":106.7}
{"start":"bath","arm":"pins","seed":1104,"milestones":{},"novelClosed":0,"detached":0,"cpu":106.6}
{"start":"bath","arm":"pins","seed":1101,"milestones":{},"novelClosed":0,"detached":0,"cpu":268.4}
